<html>
<body>
<pre>
<h1>µVision Build Log</h1>
<h2>Tool Versions:</h2>
IDE-Version: µVision V5.33.0.0
Copyright (C) 2020 ARM Ltd and ARM Germany GmbH. All rights reserved.
License Information: Friday ADMIN, haUI, LIC=----
 
Tool Versions:
Toolchain:       MDK-Lite  Version: 5.33.0.0
Toolchain Path:  C:\Keil_v5\ARM\ARMCC\Bin
C Compiler:      Armcc.exe V5.06 update 7 (build 960)
Assembler:       Armasm.exe V5.06 update 7 (build 960)
Linker/Locator:  ArmLink.exe V5.06 update 7 (build 960)
Library Manager: ArmAr.exe V5.06 update 7 (build 960)
Hex Converter:   FromElf.exe V5.06 update 7 (build 960)
CPU DLL:         SARMCM3.DLL V5.33.0.0
Dialog DLL:      DCM.DLL V1.17.3.0
Target DLL:      STLink\ST-LINKIII-KEIL_SWO.dll V3.0.8.0
Dialog DLL:      TCM.DLL V1.48.0.0
 
<h2>Project:</h2>
C:\Users\ADMIN\Documents\Phuong\Code\VanTay_Key\MDK-ARM\VanTay_Key.uvprojx
Project File Date:  11/28/2023

<h2>Output:</h2>
*** Using Compiler 'V5.06 update 7 (build 960)', folder: 'C:\Keil_v5\ARM\ARMCC\Bin'
Rebuild target 'VanTay_Key'
assembling startup_stm32f103xb.s...
compiling stm32f1xx_it.c...
../Core/Src/stm32f1xx_it.c(208): warning:  #223-D: function "dongmocua" declared implicitly
  	dongmocua();
../Core/Src/stm32f1xx_it.c: 1 warning, 0 errors
compiling finger.c...
compiling dwt_delay.c...
compiling LCD1602.c...
..\Core\Src\LCD1602.c(44): warning:  #188-D: enumerated type mixed with another type
  	HAL_GPIO_WritePin(RS_GPIO_Port, RS_Pin, rs);  // rs = 1 for data, rs=0 for command
..\Core\Src\LCD1602.c(47): warning:  #188-D: enumerated type mixed with another type
  	HAL_GPIO_WritePin(D7_GPIO_Port, D7_Pin, ((data>>3)&0x01));
..\Core\Src\LCD1602.c(48): warning:  #188-D: enumerated type mixed with another type
  	HAL_GPIO_WritePin(D6_GPIO_Port, D6_Pin, ((data>>2)&0x01));
..\Core\Src\LCD1602.c(49): warning:  #188-D: enumerated type mixed with another type
  	HAL_GPIO_WritePin(D5_GPIO_Port, D5_Pin, ((data>>1)&0x01));
..\Core\Src\LCD1602.c(50): warning:  #188-D: enumerated type mixed with another type
  	HAL_GPIO_WritePin(D4_GPIO_Port, D4_Pin, ((data>>0)&0x01));
..\Core\Src\LCD1602.c(56): warning:  #188-D: enumerated type mixed with another type
  	HAL_GPIO_WritePin(EN_GPIO_Port, EN_Pin, 1);
..\Core\Src\LCD1602.c(58): warning:  #188-D: enumerated type mixed with another type
  	HAL_GPIO_WritePin(EN_GPIO_Port, EN_Pin, 0);
..\Core\Src\LCD1602.c: 7 warnings, 0 errors
compiling main.c...
../Core/Src/main.c(138): warning:  #188-D: enumerated type mixed with another type
  		HAL_GPIO_WritePin(buzzer_GPIO_Port,buzzer_Pin,1);
../Core/Src/main.c(140): warning:  #188-D: enumerated type mixed with another type
  		HAL_GPIO_WritePin(buzzer_GPIO_Port,buzzer_Pin,0);
../Core/Src/main.c(342): warning:  #68-D: integer conversion resulted in a change of sign
  			d=0,a=-1;
../Core/Src/main.c: 3 warnings, 0 errors
compiling stm32f1xx_hal_msp.c...
compiling stm32f1xx_hal_tim.c...
compiling stm32f1xx_hal_gpio_ex.c...
compiling stm32f1xx_hal_tim_ex.c...
compiling stm32f1xx_hal_uart.c...
compiling stm32f1xx_hal_rcc_ex.c...
compiling stm32f1xx_hal_gpio.c...
compiling stm32f1xx_hal_rcc.c...
compiling stm32f1xx_hal.c...
compiling stm32f1xx_hal_dma.c...
compiling stm32f1xx_hal_exti.c...
compiling stm32f1xx_hal_cortex.c...
compiling stm32f1xx_hal_pwr.c...
compiling stm32f1xx_hal_flash.c...
compiling stm32f1xx_hal_flash_ex.c...
compiling system_stm32f1xx.c...
linking...
Program Size: Code=10556 RO-data=292 RW-data=68 ZI-data=1164  
FromELF: creating hex file...
"VanTay_Key\VanTay_Key.axf" - 0 Error(s), 11 Warning(s).

<h2>Software Packages used:</h2>

Package Vendor: ARM
                http://www.keil.com/pack/ARM.CMSIS.5.7.0.pack
                ARM.CMSIS.5.7.0
                CMSIS (Cortex Microcontroller Software Interface Standard)
   * Component: CORE Version: 5.4.0

Package Vendor: Keil
                http://www.keil.com/pack/Keil.STM32F1xx_DFP.2.4.0.pack
                Keil.STM32F1xx_DFP.2.4.0
                STMicroelectronics STM32F1 Series Device Support, Drivers and Examples

<h2>Collection of Component include folders:</h2>
  .\RTE\_VanTay_Key
  C:\Users\ADMIN\AppData\Local\Arm\Packs\ARM\CMSIS\5.7.0\CMSIS\Core\Include
  C:\Users\ADMIN\AppData\Local\Arm\Packs\Keil\STM32F1xx_DFP\2.4.0\Device\Include

<h2>Collection of Component Files used:</h2>

   * Component: ARM::CMSIS:CORE:5.4.0
      Include file:  CMSIS\Core\Include\tz_context.h
Build Time Elapsed:  00:00:08
</pre>
</body>
</html>
